qwen32b: 188 objects, 65 layers, 16 dims/layer
best layer by decode R^2: 62

layer 62:
  zonality (isotropy R^2 of activation Gram): 0.440   (perm null95 0.002)
  decode R^2 (weighted): 0.865
  canon^2 vs zonal theory: top3 0.87, top8 0.66
  Funk-Hecke lambda_l: [1.586 0.366 0.021 0.01 ]
   mode     lam  degree energies (l=0..4)
      1   42.07  0.01 0.60 0.02 0.02 0.03   -> l=1 (0.60)
      2   32.30  0.03 0.33 0.07 0.04 0.05   -> l=1 (0.33)
      3   26.04  0.00 0.70 0.05 0.01 0.02   -> l=1 (0.70)
      4   21.97  0.00 0.79 0.06 0.01 0.01   -> l=1 (0.79)
      5   16.92  0.00 0.04 0.65 0.02 0.01   -> l=2 (0.65)
      6   13.70  0.01 0.08 0.56 0.03 0.05   -> l=2 (0.56)
      7    7.31  0.00 0.02 0.37 0.08 0.11   -> l=2 (0.37)
      8    6.41  0.00 0.01 0.27 0.13 0.12   -> l=2 (0.27)
      9    5.03  0.00 0.02 0.22 0.11 0.12   -> l=2 (0.22)
     10    4.37  0.00 0.00 0.10 0.21 0.14   -> l=3 (0.21)
saved -> model_sky_batteries/sky_battery_qwen32b.pdf + model_sky_batteries/sky_battery_qwen32b.png
saved -> model_sky_heatmaps/sky_heatmap_qwen32b.pdf + model_sky_heatmaps/sky_heatmap_qwen32b.png
