glm45air: 188 objects, 47 layers, 16 dims/layer
best layer by decode R^2: 46

layer 46:
  zonality (isotropy R^2 of activation Gram): 0.484   (perm null95 0.002)
  decode R^2 (weighted): 0.904
  canon^2 vs zonal theory: top3 0.91, top8 0.78
  Funk-Hecke lambda_l: [1.607 0.429 0.054 0.012]
   mode     lam  degree energies (l=0..4)
      1   43.27  0.01 0.55 0.05 0.02 0.04   -> l=1 (0.55)
      2   29.43  0.02 0.22 0.07 0.04 0.06   -> l=1 (0.22)
      3   24.29  0.00 0.88 0.02 0.00 0.01   -> l=1 (0.88)
      4   21.80  0.00 0.90 0.01 0.01 0.00   -> l=1 (0.90)
      5   15.39  0.00 0.10 0.74 0.02 0.02   -> l=2 (0.74)
      6   11.47  0.02 0.04 0.64 0.08 0.04   -> l=2 (0.64)
      7    9.71  0.00 0.01 0.65 0.08 0.08   -> l=2 (0.65)
      8    7.53  0.00 0.01 0.60 0.08 0.09   -> l=2 (0.60)
      9    6.19  0.00 0.01 0.06 0.50 0.12   -> l=3 (0.50)
     10    5.53  0.00 0.01 0.08 0.10 0.08   -> l=3 (0.10)
saved -> model_sky_batteries/sky_battery_glm45air.pdf + model_sky_batteries/sky_battery_glm45air.png
saved -> model_sky_heatmaps/sky_heatmap_glm45air.pdf + model_sky_heatmaps/sky_heatmap_glm45air.png
