qwen235b: 188 objects, 95 layers, 16 dims/layer
best layer by decode R^2: 90

layer 90:
  zonality (isotropy R^2 of activation Gram): 0.581   (perm null95 0.002)
  decode R^2 (weighted): 0.928
  canon^2 vs zonal theory: top3 0.93, top8 0.84
  Funk-Hecke lambda_l: [ 1.645  0.55   0.05  -0.005]
   mode     lam  degree energies (l=0..4)
      1   36.14  0.02 0.78 0.09 0.01 0.01   -> l=1 (0.78)
      2   29.04  0.02 0.40 0.06 0.06 0.05   -> l=1 (0.40)
      3   24.61  0.00 0.84 0.03 0.01 0.01   -> l=1 (0.84)
      4   23.65  0.00 0.56 0.09 0.02 0.02   -> l=1 (0.56)
      5   16.83  0.01 0.19 0.68 0.01 0.01   -> l=2 (0.68)
      6   12.71  0.02 0.09 0.68 0.04 0.03   -> l=2 (0.68)
      7   10.70  0.00 0.02 0.71 0.02 0.07   -> l=2 (0.71)
      8    7.15  0.00 0.05 0.49 0.18 0.09   -> l=2 (0.49)
      9    6.36  0.00 0.01 0.63 0.12 0.06   -> l=2 (0.63)
     10    5.53  0.00 0.01 0.22 0.31 0.07   -> l=3 (0.31)
saved -> model_sky_batteries/sky_battery_qwen235b.pdf + model_sky_batteries/sky_battery_qwen235b.png
saved -> model_sky_heatmaps/sky_heatmap_qwen235b.pdf + model_sky_heatmaps/sky_heatmap_qwen235b.png
